[www.aspnetzero.com/index.html]
[backblue.gif]
[fade.gif]
[index.html]
[www.aspnetzero.com/favicon.png]
[www.aspnetzero.com/sugan/css/bootstrap.min40e5.css]
[www.aspnetzero.com/sugan/fonts/open-sans/stylesheetac68.css]
[www.aspnetzero.com/sugan/css/font-awesome5af0.css]
[www.aspnetzero.com/sugan/css/simple-line-icons0c57.css]
[www.aspnetzero.com/sugan/css/overwrite618d.css]
[www.aspnetzero.com/sugan/css/owl.carousel319a.css]
[www.aspnetzero.com/sugan/css/owl.theme9a16.css]
[www.aspnetzero.com/sugan/css/owl.transitions9a16.css]
[www.aspnetzero.com/sugan/css/diamondscf00.css]
[www.aspnetzero.com/sugan/css/animate.minac36.css]
[www.aspnetzero.com/sugan/css/flexslider5af0.css]
[www.aspnetzero.com/libs/sweetalert/sweet-alert6561.css]
[www.aspnetzero.com/libs/toastr/toastr.min378a.css]
[www.aspnetzero.com/sugan/css/stylef48b.css]
[www.aspnetzero.com/sugan/skins/defaultdc4c.css]
[www.aspnetzero.com/Views/Layout/Common.min49d6.css]
[www.aspnetzero.com/Views/Home/Index.min6dfd.css]
[www.aspnetzero.com/Images/Logos/logo.png]
[www.aspnetzero.com/Faq.html]
[www.aspnetzero.com/Documents.html]
[www.aspnetzero.com/Account/Login.html]
[www.aspnetzero.com/sugan/img/arrow.png]
[www.aspnetzero.com/Images/Home/Slider01/sample-dashboard.png]
[www.aspnetzero.com/Images/Home/Slider01/user-create.png]
[www.aspnetzero.com/Images/Home/Slider01/audit-logs.png]
[www.aspnetzero.com/Images/Home/Slider01/smtp-settings.png]
[www.aspnetzero.com/Images/Home/Slider01/front-end.png]
[www.aspnetzero.com/Images/Home/spa-landing-scrren-1.png]
[www.aspnetzero.com/Images/Home/mpa-landing-scrren-1.png]
[www.aspnetzero.com/Images/Home/frontend-landing-scrren-1.png]
[www.aspnetzero.com/Images/Home/mpa-tenants.png]
[www.aspnetzero.com/Documents/Getting-Started.html]
[www.aspnetzero.com/libs/json2/json2.min2900.js]
[www.aspnetzero.com/sugan/js/bootstrap.min2365.js]
[www.aspnetzero.com/sugan/js/ie10-viewport-bug-workaroundd5de.js]
[www.aspnetzero.com/sugan/js/jquery.min3725.js]
[www.aspnetzero.com/sugan/js/ie-emulation-modes-warning9ee5.js]
[www.aspnetzero.com/libs/jquery-validation/js/localization/_messages_emptyabee.js]
[www.aspnetzero.com/libs/jquery-validation/js/jquery.validate.min8879.js]
[www.aspnetzero.com/libs/jquery-blockui/jquery.blockui.min29f4.js]
[www.aspnetzero.com/libs/jquery-cookie/jquery.cookie.min3d17.js]
[www.aspnetzero.com/libs/spinjs/spin753a.js]
[www.aspnetzero.com/libs/spinjs/jquery.spine016.js]
[www.aspnetzero.com/libs/sweetalert/sweet-alert.mina628.js]
[www.aspnetzero.com/libs/toastr/toastr.mina74a.js]
[www.aspnetzero.com/Abp/Framework/scripts/abpf183.js]
[www.aspnetzero.com/Abp/Framework/scripts/libs/abp.jquery7571.js]
[www.aspnetzero.com/Abp/Framework/scripts/libs/abp.toastrc35c.js]
[www.aspnetzero.com/Abp/Framework/scripts/libs/abp.blockUI9f7d.js]
[www.aspnetzero.com/Abp/Framework/scripts/libs/abp.spin0fac.js]
[www.aspnetzero.com/Scripts/moment-with-locales.minf9e2.js]
[www.aspnetzero.com/Abp/Framework/scripts/libs/abp.sweet-alert9117.js]
[www.aspnetzero.com/sugan/js/navigation/waypoints.min1c99.js]
[www.aspnetzero.com/sugan/js/navigation/navbar55e3.js]
[www.aspnetzero.com/sugan/js/parallax/jquery.parallax-1.1.31198.js]
[www.aspnetzero.com/sugan/js/parallax/settingbc9e.js]
[www.aspnetzero.com/sugan/js/owlcarousel/owl.carouselb7e3.js]
[www.aspnetzero.com/sugan/js/owlcarousel/setting6f67.js]
[www.aspnetzero.com/sugan/js/flexslider/jquery.flexsliderd745.js]
[www.aspnetzero.com/sugan/js/flexslider/settingb4cf.js]
[www.aspnetzero.com/sugan/js/diamonds/jquery.diamondsb043.js]
[www.aspnetzero.com/sugan/js/diamonds/settingbe39.js]
[www.aspnetzero.com/sugan/js/jquery.easing.1.3add2.js]
[www.aspnetzero.com/sugan/js/totop/jquery.ui.totop2b6f.js]
[www.aspnetzero.com/sugan/js/totop/setting8545.js]
[www.aspnetzero.com/AbpScripts/GetScripts2e51.js]
[www.aspnetzero.com/Bundles/Common/jsd502]
[www.aspnetzero.com/sugan/js/custom1c09.js]
[www.aspnetzero.com/Views/Layout/common5697.js]
[www.aspnetzero.com/index.html]
[www.aspnetzero.com/Views/Home/Index78e7.js]
[www.aspnetzero.com/Error/E4045452.html]
[www.aspnetzero.com/Error/E404405f.html]
[www.aspnetzero.com/Error/E404d947.html]
[www.aspnetzero.com/Error/E404e028.html]
[www.aspnetzero.com/sugan/css/bootstrap.min40e5.css]
[www.aspnetzero.com/Error/E404ca6c.html]
[www.aspnetzero.com/sugan/fonts/open-sans/opensans-light-webfont.eot]
[www.aspnetzero.com/sugan/fonts/open-sans/opensans-light-webfontd41d.eot]
[www.aspnetzero.com/sugan/fonts/open-sans/opensans-light-webfont.woff2]
[www.aspnetzero.com/sugan/fonts/open-sans/opensans-light-webfont.woff]
[www.aspnetzero.com/sugan/fonts/open-sans/opensans-light-webfont.ttf]
[www.aspnetzero.com/sugan/fonts/open-sans/opensans-regular-webfont.eot]
[www.aspnetzero.com/sugan/fonts/open-sans/opensans-regular-webfontd41d.eot]
[www.aspnetzero.com/sugan/fonts/open-sans/opensans-regular-webfont.woff2]
[www.aspnetzero.com/sugan/fonts/open-sans/opensans-regular-webfont.woff]
[www.aspnetzero.com/sugan/fonts/open-sans/opensans-regular-webfont.ttf]
[www.aspnetzero.com/sugan/fonts/open-sans/opensans-bold-webfont.eot]
[www.aspnetzero.com/sugan/fonts/open-sans/opensans-bold-webfont.woff2]
[www.aspnetzero.com/sugan/fonts/open-sans/opensans-bold-webfontd41d.eot]
[www.aspnetzero.com/sugan/fonts/open-sans/opensans-bold-webfont.woff]
[www.aspnetzero.com/sugan/fonts/open-sans/opensans-bold-webfont.ttf]
[www.aspnetzero.com/sugan/fonts/open-sans/stylesheetac68.css]
[www.aspnetzero.com/sugan/fonts/fontawesome/fontawesome-webfonte0a5.eot]
[www.aspnetzero.com/sugan/fonts/fontawesome/fontawesome-webfontd41d.eot]
[www.aspnetzero.com/sugan/fonts/fontawesome/fontawesome-webfonte0a5.woff2]
[www.aspnetzero.com/sugan/fonts/fontawesome/fontawesome-webfonte0a5.woff]
[www.aspnetzero.com/sugan/fonts/fontawesome/fontawesome-webfonte0a5.ttf]
[www.aspnetzero.com/sugan/css/font-awesome5af0.css]
[www.aspnetzero.com/sugan/fonts/font-lineicon/Simple-Line-Icons.eot]
[www.aspnetzero.com/sugan/fonts/font-lineicon/Simple-Line-Icons.woff]
[www.aspnetzero.com/sugan/fonts/font-lineicon/Simple-Line-Icons.ttf]
[www.aspnetzero.com/sugan/fonts/font-lineicon/Simple-Line-Iconsd41d.eot]
[www.aspnetzero.com/sugan/css/simple-line-icons0c57.css]
[www.aspnetzero.com/sugan/css/overwrite618d.css]
[www.aspnetzero.com/sugan/css/owl.carousel319a.css]
[www.aspnetzero.com/Error/E4041c65.html]
[www.aspnetzero.com/sugan/img/direction_nav.png]
[www.aspnetzero.com/sugan/css/owl.theme9a16.css]
[www.aspnetzero.com/sugan/css/owl.transitions9a16.css]
[www.aspnetzero.com/sugan/css/diamondscf00.css]
[www.aspnetzero.com/sugan/css/animate.minac36.css]
[www.aspnetzero.com/Error/E4047b02.html]
[www.aspnetzero.com/Error/E404f95f.html]
[www.aspnetzero.com/sugan/css/flexslider5af0.css]
[www.aspnetzero.com/libs/sweetalert/sweet-alert6561.css]
[www.aspnetzero.com/libs/toastr/toastr.min378a.css]
[www.aspnetzero.com/Error/E4043e97.html]
[www.aspnetzero.com/sugan/img/pattren.png]
[www.aspnetzero.com/sugan/img/browser.png]
[www.aspnetzero.com/sugan/img/parallax01.jpg]
[www.aspnetzero.com/sugan/img/parallax02.jpg]
[www.aspnetzero.com/sugan/img/parallax-bg.jpg]
[www.aspnetzero.com/sugan/img/dotted.png]
[www.aspnetzero.com/sugan/img/tweet.png]
[www.aspnetzero.com/sugan/css/stylef48b.css]
[www.aspnetzero.com/sugan/img/ui.totop.png]
[www.aspnetzero.com/sugan/skins/defaultdc4c.css]
[www.aspnetzero.com/Bundles/Common/cssec92.css]
[www.aspnetzero.com/Views/Layout/Common.min49d6.css]
[www.aspnetzero.com/Images/Home/Parallax/our-clients.jpg]
[www.aspnetzero.com/Images/Home/Parallax/how-it-works.jpg]
[www.aspnetzero.com/Views/Home/Index.min6dfd.css]
[www.aspnetzero.com/Documents/Development-Guide.html]
[www.aspnetzero.com/AbpScripts/GetScripts5144.js]
[www.aspnetzero.com/AbpScripts/GetScripts.js]
[www.aspnetzero.com/Faq.html]
[www.aspnetzero.com/Views/Layout/_Layout89b5.js]
[www.aspnetzero.com/libs/highlight/styles/vse15b.css]
[www.aspnetzero.com/Views/Documents/Indexa174.css]
[www.aspnetzero.com/Documents/Developing-Step-By-Step.html]
[www.aspnetzero.com/Documents/Change-Logs.html]
[www.aspnetzero.com/Documents/Road-Map.html]
[www.aspnetzero.com/AbpScripts/GetScriptsb042.js]
[www.aspnetzero.com/libs/jquery-toc/jquery.tableofcontents.minbe47.js]
[www.aspnetzero.com/Documents.html]
[www.aspnetzero.com/libs/highlight/highlight.packfdf0.js]
[www.aspnetzero.com/Error/E404a8de.html]
[www.aspnetzero.com/Content/font-awesome.min936d.css]
[www.aspnetzero.com/libs/simple-line-icons/simple-line-icons.mind9b9.css]
[www.aspnetzero.com/libs/bootstrap/css/bootstrap.min0dee.css]
[www.aspnetzero.com/libs/jquery-uniform/css/uniform.default5f2e.css]
[www.aspnetzero.com/Content/flags/famfamfam-flags1ec3.css]
[www.aspnetzero.com/metronic/assets/global/css/plugins-md163a.css]
[www.aspnetzero.com/metronic/assets/global/css/components-md1122.css]
[www.aspnetzero.com/metronic/assets/admin/layout/css/layout9000.css]
[www.aspnetzero.com/metronic/assets/admin/layout/css/themes/default7a89.css]
[www.aspnetzero.com/Views/Account/_Layout937d.css]
[www.aspnetzero.com/App/common/images/app-logo-on-dark.png]
[www.aspnetzero.com/libs/jquery/jquery-migrate.min4dc3.js]
[www.aspnetzero.com/libs/bootstrap/js/bootstrap.min9aa0.js]
[www.aspnetzero.com/libs/jquery-uniform/jquery.uniform.mincfa3.js]
[www.aspnetzero.com/libs/jquery/jquery.min0979.js]
[www.aspnetzero.com/AbpScripts/GetScriptsd4c7.js]
[www.aspnetzero.com/metronic/assets/global/scripts/metronicb544.js]
[www.aspnetzero.com/metronic/assets/admin/layout/scripts/layout500c.js]
[www.aspnetzero.com/Account/Login.html]
[www.aspnetzero.com/Views/Account/Login7ec1.js]
[www.aspnetzero.com/Account/Login2152.html]
[www.aspnetzero.com/Documents/Getting-Started.html]
[www.aspnetzero.com/AbpScripts/GetScripts2e51.js]
[www.aspnetzero.com/AbpScripts/GetScriptsc52b.js]
[www.aspnetzero.com/Error/E4045452.html]
[www.aspnetzero.com/AbpScripts/GetScripts9f38.js]
[www.aspnetzero.com/Error/E404405f.html]
[www.aspnetzero.com/AbpScripts/GetScripts172d.js]
[www.aspnetzero.com/Error/E404d947.html]
[www.aspnetzero.com/AbpScripts/GetScripts02ac.js]
[www.aspnetzero.com/Error/E404e028.html]
[www.aspnetzero.com/AbpScripts/GetScriptsd746.js]
[www.aspnetzero.com/Error/E404ca6c.html]
[www.aspnetzero.com/sugan/fonts/open-sans/opensans-light-webfont.svg]
[www.aspnetzero.com/sugan/fonts/open-sans/opensans-regular-webfont.svg]
[www.aspnetzero.com/sugan/fonts/open-sans/opensans-bold-webfont.svg]
[www.aspnetzero.com/sugan/fonts/fontawesome/fontawesome-webfonte0a5.svg]
[www.aspnetzero.com/sugan/fonts/font-lineicon/Simple-Line-Icons.svg]
[www.aspnetzero.com/AbpScripts/GetScripts3a3f.js]
[www.aspnetzero.com/Error/E4041c65.html]
[www.aspnetzero.com/AbpScripts/GetScripts8ba1.js]
[www.aspnetzero.com/Error/E4047b02.html]
[www.aspnetzero.com/AbpScripts/GetScripts223e.js]
[www.aspnetzero.com/Error/E404f95f.html]
[www.aspnetzero.com/AbpScripts/GetScripts4de1.js]
[www.aspnetzero.com/Error/E4043e97.html]
[www.aspnetzero.com/AbpScripts/GetScripts7ae4.js]
[www.aspnetzero.com/Documents/Development-Guide.html]
[www.aspnetzero.com/AbpScripts/GetScripts5144.js]
[www.aspnetzero.com/AbpScripts/GetScripts.js]
[www.aspnetzero.com/libs/highlight/styles/vse15b.css]
[www.aspnetzero.com/Views/Documents/Indexa174.css]
[www.aspnetzero.com/AbpScripts/GetScripts7a38.js]
[www.aspnetzero.com/Documents/Developing-Step-By-Step.html]
[www.aspnetzero.com/AbpScripts/GetScriptse64b.js]
[www.aspnetzero.com/Documents/Change-Logs.html]
[www.aspnetzero.com/AbpScripts/GetScripts48c6.js]
[www.aspnetzero.com/Documents/Road-Map.html]
[www.aspnetzero.com/AbpScripts/GetScriptsb042.js]
[www.aspnetzero.com/AbpScripts/GetScripts00fe.js]
[www.aspnetzero.com/Error/E404a8de.html]
[www.aspnetzero.com/AbpScripts/GetScriptsf1d4.js]
[www.aspnetzero.com/fonts/fontawesome-webfont78ce.eot]
[www.aspnetzero.com/fonts/fontawesome-webfontd41d.eot]
[www.aspnetzero.com/fonts/fontawesome-webfont78ce.woff]
[www.aspnetzero.com/fonts/fontawesome-webfont78ce.ttf]
[www.aspnetzero.com/Content/font-awesome.min936d.css]
[www.aspnetzero.com/libs/simple-line-icons/fonts/Simple-Line-Icons.eot]
[www.aspnetzero.com/libs/simple-line-icons/fonts/Simple-Line-Iconsd41d.eot]
[www.aspnetzero.com/libs/simple-line-icons/fonts/Simple-Line-Icons.woff]
[www.aspnetzero.com/libs/simple-line-icons/fonts/Simple-Line-Icons.ttf]
[www.aspnetzero.com/libs/simple-line-icons/simple-line-icons.mind9b9.css]
[www.aspnetzero.com/libs/bootstrap/fonts/glyphicons-halflings-regular.eot]
[www.aspnetzero.com/libs/bootstrap/fonts/glyphicons-halflings-regular.woff2]
[www.aspnetzero.com/libs/bootstrap/fonts/glyphicons-halflings-regulard41d.eot]
[www.aspnetzero.com/libs/bootstrap/fonts/glyphicons-halflings-regular.woff]
[www.aspnetzero.com/libs/bootstrap/fonts/glyphicons-halflings-regular.ttf]
[www.aspnetzero.com/libs/bootstrap/css/bootstrap.min0dee.css]
[www.aspnetzero.com/libs/jquery-uniform/images/sprite.png]
[www.aspnetzero.com/libs/jquery-uniform/images/bg-input.png]
[www.aspnetzero.com/libs/jquery-uniform/css/uniform.default5f2e.css]
[www.aspnetzero.com/libs/jquery-uniform/images/bg-input-focus.png]
[www.aspnetzero.com/Content/flags/famfamfam-flags1ec3.css]
[www.aspnetzero.com/Content/flags/famfamfam-flags.png]
[www.aspnetzero.com/metronic/assets/global/img/remove-icon-small.png]
[www.aspnetzero.com/metronic/assets/global/img/input-spinner.gif]
[www.aspnetzero.com/metronic/assets/global/img/syncfusion-icons.png]
[www.aspnetzero.com/metronic/assets/global/img/syncfusion-icons-white.png]
[www.aspnetzero.com/metronic/assets/global/img/accordion-plusminus.png]
[www.aspnetzero.com/metronic/assets/global/img/portlet-remove-icon.png]
[www.aspnetzero.com/metronic/assets/global/img/portlet-config-icon.png]
[www.aspnetzero.com/metronic/assets/global/img/portlet-reload-icon.png]
[www.aspnetzero.com/metronic/assets/global/img/portlet-expand-icon.png]
[www.aspnetzero.com/metronic/assets/global/img/portlet-collapse-icon.png]
[www.aspnetzero.com/metronic/assets/global/img/portlet-remove-icon-white.png]
[www.aspnetzero.com/metronic/assets/global/img/portlet-config-icon-white.png]
[www.aspnetzero.com/metronic/assets/global/img/portlet-reload-icon-white.png]
[www.aspnetzero.com/metronic/assets/global/img/portlet-expand-icon-white.png]
[www.aspnetzero.com/metronic/assets/global/img/portlet-collapse-icon-white.png]
[www.aspnetzero.com/metronic/assets/global/img/social/amazon.png]
[www.aspnetzero.com/metronic/assets/global/img/social/behance.png]
[www.aspnetzero.com/metronic/assets/global/img/social/blogger.png]
[www.aspnetzero.com/metronic/assets/global/img/social/deviantart.png]
[www.aspnetzero.com/metronic/assets/global/img/social/dribbble.png]
[www.aspnetzero.com/metronic/assets/global/img/social/dropbox.png]
[www.aspnetzero.com/metronic/assets/global/img/social/evernote.png]
[www.aspnetzero.com/metronic/assets/global/img/social/facebook.png]
[www.aspnetzero.com/metronic/assets/global/img/social/forrst.png]
[www.aspnetzero.com/metronic/assets/global/img/social/github.png]
[www.aspnetzero.com/metronic/assets/global/img/social/googleplus.png]
[www.aspnetzero.com/metronic/assets/global/img/social/jolicloud.png]
[www.aspnetzero.com/metronic/assets/global/img/social/last-fm.png]
[www.aspnetzero.com/metronic/assets/global/img/social/linkedin.png]
[www.aspnetzero.com/metronic/assets/global/img/social/picasa.png]
[www.aspnetzero.com/metronic/assets/global/img/social/pintrest.png]
[www.aspnetzero.com/metronic/assets/global/img/social/rss.png]
[www.aspnetzero.com/metronic/assets/global/img/social/skype.png]
[www.aspnetzero.com/metronic/assets/global/img/social/spotify.png]
[www.aspnetzero.com/metronic/assets/global/img/social/stumbleupon.png]
[www.aspnetzero.com/metronic/assets/global/img/social/tumblr.png]
[www.aspnetzero.com/metronic/assets/global/img/social/twitter.png]
[www.aspnetzero.com/metronic/assets/global/img/social/vimeo.png]
[www.aspnetzero.com/metronic/assets/global/img/social/wordpress.png]
[www.aspnetzero.com/metronic/assets/global/img/social/xing.png]
[www.aspnetzero.com/metronic/assets/global/img/social/yahoo.png]
[www.aspnetzero.com/metronic/assets/global/img/social/youtube.png]
[www.aspnetzero.com/metronic/assets/global/img/social/vk.png]
[www.aspnetzero.com/metronic/assets/global/img/social/instagram.png]
[www.aspnetzero.com/metronic/assets/global/img/social/reddit.png]
[www.aspnetzero.com/metronic/assets/global/img/social/aboutme.png]
[www.aspnetzero.com/metronic/assets/global/img/social/flickr.png]
[www.aspnetzero.com/metronic/assets/global/img/social/foursquare.png]
[www.aspnetzero.com/metronic/assets/global/img/social/gravatar.png]
[www.aspnetzero.com/metronic/assets/global/img/social/klout.png]
[www.aspnetzero.com/metronic/assets/global/img/social/myspace.png]
[www.aspnetzero.com/metronic/assets/global/css/components-md1122.css]
[www.aspnetzero.com/metronic/assets/global/img/social/quora.png]
[www.aspnetzero.com/metronic/assets/global/css/plugins-md163a.css]
[www.aspnetzero.com/metronic/assets/global/img/datatable-row-openclose.png]
[www.aspnetzero.com/metronic/assets/admin/layout/img/icon-color.png]
[www.aspnetzero.com/metronic/assets/admin/layout/css/layout9000.css]
[www.aspnetzero.com/metronic/assets/admin/layout/img/icon-color-close.png]
[www.aspnetzero.com/metronic/assets/admin/layout/img/sidebar_toggler_icon_default.png]
[www.aspnetzero.com/metronic/assets/admin/layout/css/themes/default7a89.css]
[www.aspnetzero.com/Views/Account/_Layout937d.css]
[www.aspnetzero.com/AbpScripts/GetScriptsd4c7.js]
[www.aspnetzero.com/#pricing.html]
[www.aspnetzero.com/metronic/assets/admin/layout/img/sidebar_inline_toggler_icon_default.jpg]
[www.aspnetzero.com/Account/Login2152.html]
[www.aspnetzero.com/AbpScripts/GetScriptsc52b.js]
[www.aspnetzero.com/AbpScripts/GetScripts9f38.js]
[www.aspnetzero.com/AbpScripts/GetScripts172d.js]
[www.aspnetzero.com/AbpScripts/GetScripts02ac.js]
[www.aspnetzero.com/AbpScripts/GetScriptsd746.js]
[www.aspnetzero.com/AbpScripts/GetScripts3a3f.js]
[www.aspnetzero.com/AbpScripts/GetScripts8ba1.js]
[www.aspnetzero.com/AbpScripts/GetScripts223e.js]
[www.aspnetzero.com/AbpScripts/GetScripts4de1.js]
[www.aspnetzero.com/AbpScripts/GetScripts7ae4.js]
[www.aspnetzero.com/AbpScripts/GetScripts7a38.js]
[www.aspnetzero.com/AbpScripts/GetScriptse64b.js]
[www.aspnetzero.com/AbpScripts/GetScripts48c6.js]
[www.aspnetzero.com/AbpScripts/GetScripts00fe.js]
[www.aspnetzero.com/AbpScripts/GetScriptsf1d4.js]
[www.aspnetzero.com/fonts/fontawesome-webfont78ce.svg]
[www.aspnetzero.com/libs/simple-line-icons/fonts/Simple-Line-Icons.svg]
[www.aspnetzero.com/libs/bootstrap/fonts/glyphicons-halflings-regular.svg]
[www.aspnetzero.com/AbpScripts/GetScripts61fd.js]
[www.aspnetzero.com/AbpScripts/GetScripts61fd.js]
